// Vitest Snapshot v1, https://vitest.dev/guide/snapshot.html

exports[`buildReportViewModel > matches the committed snapshot for a fixed-timestamp mission 1`] = `
{
  "chain": {
    "eventCount": 13,
    "failureIndex": null,
    "headHash": "412077e5aa796b162dc3073eb306475c1b32f3d51c923e17b4b89247b212e150",
    "label": "VERIFIED",
    "status": "verified",
    "verified": true,
  },
  "generatedAtIso": "2026-10-09T12:00:00.000Z",
  "map": {
    "base": {
      "x": 291.3,
      "y": 396.8,
    },
    "contacts": [
      {
        "id": "hs-1",
        "label": "generic-person",
        "resolved": true,
        "x": 432.4,
        "y": 158.9,
      },
    ],
    "empty": false,
    "geofences": [
      {
        "id": "gf1",
        "kind": "no_fly",
        "label": "Restricted Airspace",
        "points": [
          {
            "x": 28,
            "y": 147,
          },
          {
            "x": 554.7,
            "y": 147,
          },
          {
            "x": 554.7,
            "y": 28,
          },
          {
            "x": 28,
            "y": 28,
          },
        ],
      },
    ],
    "height": 520,
    "legend": [
      {
        "color": "#00d4ff",
        "key": "route-uav-01",
        "label": "UAV-01 track",
        "style": "solid",
      },
      {
        "color": "#44ff88",
        "key": "route-uav-02",
        "label": "UAV-02 track",
        "style": "solid",
      },
      {
        "color": "#ff5555",
        "key": "nofly",
        "label": "No-fly zone",
        "style": "fill",
      },
      {
        "color": "#3fb950",
        "key": "base",
        "label": "Launch base",
        "style": "dot",
      },
      {
        "color": "#ff7b54",
        "key": "contact",
        "label": "Thermal contact",
        "style": "dot",
      },
    ],
    "routes": [
      {
        "color": "#00d4ff",
        "id": "uav-01",
        "label": "UAV-01",
        "points": [
          {
            "x": 291.3,
            "y": 396.8,
          },
          {
            "x": 328.9,
            "y": 337.3,
          },
          {
            "x": 385.4,
            "y": 277.8,
          },
        ],
      },
      {
        "color": "#44ff88",
        "id": "uav-02",
        "label": "UAV-02",
        "points": [
          {
            "x": 291.3,
            "y": 396.8,
          },
          {
            "x": 347.8,
            "y": 444.4,
          },
          {
            "x": 385.4,
            "y": 492,
          },
        ],
      },
    ],
    "searchArea": [],
    "tracks": [],
    "width": 582.7,
  },
  "scores": {
    "mission": {
      "objectives": [
        {
          "completed": 0,
          "detail": "0 of 2",
          "id": "contact_resolution",
          "kind": "contact_resolution",
          "label": "Resolve detected contacts",
          "percent": 0,
          "total": 2,
        },
        {
          "completed": 1,
          "detail": "1 of 1",
          "id": "containment",
          "kind": "containment",
          "label": "Establish containment",
          "percent": 100,
          "total": 1,
        },
        {
          "completed": 2,
          "detail": "2 of 2",
          "id": "fleet_recovery",
          "kind": "fleet_recovery",
          "label": "Recover the launched fleet",
          "percent": 100,
          "total": 2,
        },
        {
          "completed": 0,
          "detail": "0 of 1",
          "id": "tasking_compliance",
          "kind": "tasking_compliance",
          "label": "Complete assigned tasking",
          "percent": 0,
          "total": 1,
        },
      ],
      "percent": 40,
    },
  },
  "summary": {
    "dateIso": "2026-10-09T12:00:00.000Z",
    "dateLabel": "2026-10-09 12:00 UTC",
    "droneCount": 2,
    "durationLabel": "1m 10s",
    "durationSec": 70,
    "headline": "1 contacts, 21% route coverage, fleet health 59%.",
    "scenarioId": "demo_basic",
    "scenarioName": "Demo — Basic Waypoint",
    "title": "Demo — Basic Waypoint - After Action Report",
  },
  "timeline": {
    "omittedRows": 0,
    "relevantEventCount": 12,
    "rows": [
      {
        "count": 1,
        "droneId": "system",
        "eventType": "preflight_complete",
        "id": "t0",
        "label": "Preflight complete",
        "tSec": 0,
        "timeLabel": "T+0:00",
      },
      {
        "count": 1,
        "droneId": "uav-01",
        "eventType": "mission_start",
        "id": "t1",
        "label": "Mission started",
        "tSec": 0,
        "timeLabel": "T+0:00",
      },
      {
        "count": 1,
        "droneId": "uav-01",
        "eventType": "sortie_launch",
        "id": "t2",
        "label": "UAV-01 launched",
        "tSec": 1,
        "timeLabel": "T+0:01",
      },
      {
        "count": 1,
        "droneId": "uav-02",
        "eventType": "sortie_launch",
        "id": "t3",
        "label": "UAV-02 launched",
        "tSec": 1,
        "timeLabel": "T+0:01",
      },
      {
        "count": 1,
        "droneId": "uav-01",
        "eventType": "thermal_detection",
        "id": "t4",
        "label": "UAV-01 thermal contact: generic-person",
        "tSec": 20,
        "timeLabel": "T+0:20",
      },
      {
        "count": 1,
        "droneId": "uav-01",
        "eventType": "operator_command",
        "id": "t5",
        "label": "Operator command: hover (UAV-01)",
        "tSec": 23,
        "timeLabel": "T+0:23",
      },
      {
        "count": 1,
        "droneId": "uav-02",
        "eventType": "drone_recovery_requested",
        "id": "t6",
        "label": "UAV-02 down: recovery team dispatched (no road data)",
        "tSec": 40,
        "timeLabel": "T+0:40",
      },
      {
        "count": 1,
        "droneId": "system",
        "eventType": "ground_unit_on_scene",
        "id": "t7",
        "label": "Ground unit on scene",
        "tSec": 45,
        "timeLabel": "T+0:45",
      },
      {
        "count": 1,
        "droneId": "uav-02",
        "eventType": "ground_unit_on_scene",
        "id": "t8",
        "label": "Recovery team on scene at UAV-02",
        "tSec": 50,
        "timeLabel": "T+0:50",
      },
      {
        "count": 1,
        "droneId": "uav-02",
        "eventType": "operator_command",
        "id": "t9",
        "label": "Operator aborted recovery of UAV-02",
        "tSec": 55,
        "timeLabel": "T+0:55",
      },
      {
        "count": 1,
        "droneId": "uav-02",
        "eventType": "drone_recovered",
        "id": "t10",
        "label": "UAV-02 recovered",
        "tSec": 60,
        "timeLabel": "T+1:00",
      },
      {
        "count": 1,
        "droneId": "system",
        "eventType": "mission_complete",
        "id": "t11",
        "label": "Mission complete",
        "tSec": 70,
        "timeLabel": "T+1:10",
      },
    ],
  },
}
`;
